======================================
   amiws 1.0.0: test/test-suite.log
======================================

# TOTAL: 49
# PASS:  49
# SKIP:  0
# XFAIL: 0
# FAIL:  0
# XPASS: 0
# ERROR: 0

.. contents:: :depth: 2

